// Jest Snapshot v1, https://goo.gl/fbAQLP

exports[`should render ExpenseListItem correctly 1`] = `
<div>
  <Link
    to="/edit/1"
  >
    <h3>
      Water Bill
       
    </h3>
  </Link>
  <p>
    $500.00
    ,
    1st January 1970
  </p>
</div>
`;
