// Jest Snapshot v1, https://goo.gl/fbAQLP

exports[`should render Header correctly 1`] = `
<header
  className="header"
>
  <div
    className="content-container"
  >
    <div
      className="header__content"
    >
      <Link
        activeClassName="is-active"
        className="header__title"
        to="/dashboard"
      >
        <h1
          className="header__logo"
        >
          expensetracker
        </h1>
      </Link>
      <button
        className="button header__button"
        onClick={[Function]}
      >
        Logout
      </button>
    </div>
  </div>
</header>
`;
